ESP-ROM:esp32c3-eco7-20230720
Build:Jul 20 2023
rst:0x3 (RTC_SW_SYS_RST),boot:0xd (SPI_FAST_FLASH_BOOT)
Saved PC:0x4004a6c4
SPIWP:0xee
mode:DIO, clock div:1
load:0x3fcd5820,len:0x187c
load:0x403cc710,len:0xb34
load:0x403ce710,len:0x308c
entry 0x403cc710
I (24) boot: ESP-IDF v5.1.4-dirty 2nd stage bootloader
I (24) boot: compile time Nov 17 2025 13:24:24
I (24) boot: chip revision: v1.1
I (27) qio_mode: Enabling default flash chip QIO
I (33) boot.esp32c3: SPI Speed      : 80MHz
I (37) boot.esp32c3: SPI Mode       : QIO
I (42) boot.esp32c3: SPI Flash Size : 4MB
I (47) boot: Enabling RNG early entropy source...
I (52) boot: Partition Table:
I (56) boot: ## Label            Usage          Type ST Offset   Length
I (63) boot:  0 nvs              WiFi data        01 02 00009000 00005000
I (71) boot:  1 otadata          OTA data         01 00 0000e000 00002000
I (78) boot:  2 app0             OTA app          00 10 00010000 001e0000
I (86) boot:  3 app1             OTA app          00 11 001f0000 001e0000
I (93) boot:  4 spiffs           Unknown data     01 82 003d0000 0002f000
I (100) boot:  5 coredump         Unknown data     01 03 003ff000 00001000
I (108) boot: End of partition table
I (112) esp_image: segment 0: paddr=00010020 vaddr=3c0e0020 size=5a8a0h (370848) map
I (173) esp_image: segment 1: paddr=0006a8c8 vaddr=3fc8da00 size=02bach ( 11180) load
I (175) esp_image: segment 2: paddr=0006d47c vaddr=40380000 size=02b9ch ( 11164) load
I (180) esp_image: segment 3: paddr=00070020 vaddr=42000020 size=d6e90h (880272) map
I (310) esp_image: segment 4: paddr=00146eb8 vaddr=40382b9c size=0ae30h ( 44592) load
I (318) esp_image: segment 5: paddr=00151cf0 vaddr=50000010 size=00004h (     4) load
I (323) boot: Loaded app from partition at offset 0x10000
I (323) boot: Disabling RNG early entropy source...
I (339) cpu_start: Unicore app
I (339) cpu_start: Pro cpu up.
I (348) cpu_start: Pro cpu start user code
I (348) cpu_start: cpu freq: 160000000 Hz
I (348) cpu_start: Application information:
I (351) cpu_start: Project name:     panda_breath
I (356) cpu_start: App version:      1
I (361) cpu_start: Compile time:     Feb 25 2026 15:46:18
I (367) cpu_start: ELF file SHA256:  64574dd51373c0dc...
I (373) cpu_start: ESP-IDF:          v5.1.4-dirty
I (378) cpu_start: Min chip rev:     v0.3
I (383) cpu_start: Max chip rev:     v1.99
I (388) cpu_start: Chip rev:         v1.1
I (392) heap_init: Initializing. RAM available for dynamic allocation:
I (400) heap_init: At 3FC9BF70 len 00024090 (144 KiB): DRAM
I (406) heap_init: At 3FCC0000 len 0001C710 (113 KiB): DRAM/RETENTION
I (413) heap_init: At 3FCDC710 len 0000294C (10 KiB): DRAM/RETENTION/STACK
I (420) heap_init: At 50000014 len 00001FD4 (7 KiB): RTCRAM
I (427) spi_flash: detected chip: generic
I (431) spi_flash: flash io: qio
I (436) sleep: Configure to isolate all GPIO pins in sleep state
I (442) sleep: Enable automatic switching of GPIO sleep configuration
I (449) app_start: Starting scheduler on CPU0
I (454) main_task: Started on CPU0
I (458) main_task: Calling app_main()
I (471) pp: pp rom version: 74f9620
I (471) net80211: net80211 rom version: 74f9620
I (472) gpio: GPIO[19]| InputEn: 1| OutputEn: 0| OpenDrain: 0| Pullup: 1| Pulldown: 0| Intr:0
I (473) wifi:wifi driver task: 3fca7888, prio:23, stack:6656, core=0
I (487) wifi:wifi firmware version: 3ce09e5
I (491) wifi:wifi certification version: v7.0
I (495) wifi:config NVS flash: disabled
I (498) wifi:config nano formating: disabled
I (502) wifi:Init data frame dynamic rx buffer num: 32
I (507) wifi:Init static rx mgmt buffer num: 5
I (511) wifi:Init management short buffer num: 32
I (516) wifi:Init static tx buffer num: 16
I (520) wifi:Init static tx FG buffer num: 2
I (524) wifi:Init static rx buffer size: 1600
I (528) wifi:Init static rx buffer num: 10
I (531) wifi:Init dynamic rx buffer num: 32
I (536) wifi_init: rx ba win: 6
I (539) wifi_init: tcpip mbox: 32
I (543) wifi_init: udp mbox: 6
I (547) wifi_init: tcp mbox: 6
I (551) wifi_init: tcp tx win: 5760
I (555) wifi_init: tcp rx win: 5760
I (559) wifi_init: tcp mss: 1440
I (563) wifi:Set ps type: 1, coexist: 0
I (567) phy_init: phy_version 1170,f4aea9b,Apr 30 2024,10:49:24
I (605) wifi:mode : sta (08:92:72:ae:27:40)
I (605) wifi:enable tsf
I (609) gpio: GPIO[7]| InputEn: 1| OutputEn: 0| OpenDrain: 0| Pullup: 1| Pulldown: 0| Intr:1
I (610) gpio: GPIO[3]| InputEn: 0| OutputEn: 1| OpenDrain: 0| Pullup: 0| Pulldown: 0| Intr:0
I (618) gpio: GPIO[0]| InputEn: 0| OutputEn: 0| OpenDrain: 0| Pullup: 0| Pulldown: 0| Intr:0
I (628) gpio: GPIO[1]| InputEn: 0| OutputEn: 0| OpenDrain: 0| Pullup: 0| Pulldown: 0| Intr:0
I (620) gpio: GPIO[18]| InputEn: 0| OutputEn: 1| OpenDrain: 0| Pullup: 0| Pulldown: 0| Intr:0
I (647) gpio: GPIO[8]| InputEn: 1| OutputEn: 0| OpenDrain: 0| Pullup: 1| Pulldown: 0| Intr:0
I (656) gpio: GPIO[10]| InputEn: 1| OutputEn: 0| OpenDrain: 0| Pullup: 1| Pulldown: 0| Intr:0
I (665) gpio: GPIO[2]| InputEn: 1| OutputEn: 0| OpenDrain: 0| Pullup: 1| Pulldown: 0| Intr:0
I (674) gpio: GPIO[9]| InputEn: 1| OutputEn: 0| OpenDrain: 0| Pullup: 1| Pulldown: 0| Intr:0
